=== sweep start Thu Sep 17 20:22:53 2026 | total steps/config 4000 | --n-interior 2000 --n-wake 1000 --n-ic 2000 --n-bc 200 --log-every 250

### baseline @ 4000 epochs/window  (Thu Sep 17 20:22:53 2026)

======================================================================
[baseline seed 0] (no flags)
======================================================================
Re=100  mode=mlp  windows=1 x 6.0 t*  data=0  epochs/window=4000
domain x[-5,15] y[-4.97917,5.02083]  t* 91.10 .. 97.10

  [win 1/1] ep      0  loss 2.186e+01  pde 7.12e-03  bc 1.51e+00  ic 6.71e-01  dat 0.00e+00  (  5.8s)
  [win 1/1] ep    250  loss 3.756e-01  pde 1.49e-02  bc 7.75e-03  ic 2.83e-02  dat 0.00e+00  (230.7s)
  [win 1/1] ep    500  loss 2.868e-01  pde 1.11e-02  bc 7.16e-03  ic 2.04e-02  dat 0.00e+00  (453.2s)
  [win 1/1] ep    750  loss 2.438e-01  pde 9.50e-03  bc 4.81e-03  ic 1.86e-02  dat 0.00e+00  (674.0s)
  [win 1/1] ep   1000  loss 2.247e-01  pde 9.27e-03  bc 4.02e-03  ic 1.75e-02  dat 0.00e+00  (893.6s)
  [win 1/1] ep   1250  loss 2.058e-01  pde 8.68e-03  bc 3.26e-03  ic 1.65e-02  dat 0.00e+00  (1112.4s)
  [win 1/1] ep   1500  loss 1.900e-01  pde 7.21e-03  bc 2.49e-03  ic 1.58e-02  dat 0.00e+00  (1495.3s)
  [win 1/1] ep   1750  loss 1.786e-01  pde 6.62e-03  bc 1.91e-03  ic 1.53e-02  dat 0.00e+00  (2052.3s)
  [win 1/1] ep   2000  loss 1.746e-01  pde 6.43e-03  bc 1.89e-03  ic 1.49e-02  dat 0.00e+00  (2607.8s)
  [win 1/1] ep   2250  loss 1.647e-01  pde 5.76e-03  bc 1.31e-03  ic 1.46e-02  dat 0.00e+00  (3158.8s)
  [win 1/1] ep   2500  loss 1.593e-01  pde 5.40e-03  bc 1.10e-03  ic 1.43e-02  dat 0.00e+00  (3722.7s)
  [win 1/1] ep   2750  loss 1.559e-01  pde 5.18e-03  bc 9.84e-04  ic 1.41e-02  dat 0.00e+00  (4051.7s)
  [win 1/1] ep   3000  loss 1.522e-01  pde 4.95e-03  bc 8.48e-04  ic 1.39e-02  dat 0.00e+00  (4311.9s)
  [win 1/1] ep   3250  loss 1.467e-01  pde 4.82e-03  bc 7.18e-04  ic 1.35e-02  dat 0.00e+00  (4559.6s)
  [win 1/1] ep   3500  loss 1.453e-01  pde 4.73e-03  bc 6.77e-04  ic 1.34e-02  dat 0.00e+00  (4801.5s)
  [win 1/1] ep   3750  loss 1.438e-01  pde 4.64e-03  bc 6.37e-04  ic 1.33e-02  dat 0.00e+00  (5025.2s)
  [win 1/1] ep   3999  loss 1.423e-01  pde 4.54e-03  bc 6.00e-04  ic 1.32e-02  dat 0.00e+00  (5246.2s)
  -> rel L2 0.2706   probe v rms: PINN 0.0078 vs LBM 0.4118   shedding retained 1.9 %

====================================================================
  window 0  t* 91.1-97.1   relL2 0.2706   shedding   1.9 %
====================================================================
  OVERALL (t* 91.1-97.1, the headline number)
    relative L2       0.2704
    probe v rms       PINN 0.0078  vs LBM 0.4118
    shedding retained 1.9 %
    (near 0 % is the documented collapse to steady flow)

results -> C:\Users\hp\Desktop\AE496 UGP\runs\ablation_cpu\baseline_s0/results.json

======================================================================
config       seed  shedding retained    rel L2     min
----------------------------------------------------------------------
baseline        0               1.9%    0.2704    87.8
======================================================================
shedding retained ~ 0 %  : collapsed to the steady base flow
shedding retained ~ 100 %: wake amplitude matches the LBM reference

summary -> C:\Users\hp\Desktop\AE496 UGP\runs\ablation_cpu\summary.json
### stage exit 0 (Thu Sep 17 21:50:40 2026)

### all+data,march,all @ 1000 epochs/window  (Thu Sep 17 21:50:40 2026)

======================================================================
[all+data seed 0] --decompose --net fourier_mlp --windows 4 --window-len 1.5 --n-data 4000
======================================================================
Re=100  mode=decomposed fourier_mlp  windows=4 x 1.5 t*  data=4000  epochs/window=1000
domain x[-5,15] y[-4.97917,5.02083]  t* 91.10 .. 97.10

  [win 1/4] ep      0  loss 7.331e+00  pde 4.04e-02  bc 5.40e-01  ic 9.56e-02  dat 9.38e-02  ( 10.4s)
  [win 1/4] ep    250  loss 1.673e-01  pde 4.72e-03  bc 4.52e-03  ic 5.49e-03  dat 6.24e-03  (480.7s)
  [win 1/4] ep    500  loss 9.664e-02  pde 4.96e-03  bc 2.79e-03  ic 2.78e-03  dat 3.60e-03  (956.5s)
  [win 1/4] ep    750  loss 7.722e-02  pde 5.35e-03  bc 1.82e-03  ic 2.25e-03  dat 3.12e-03  (1424.7s)
  [win 1/4] ep    999  loss 6.986e-02  pde 5.42e-03  bc 1.45e-03  ic 2.05e-03  dat 2.94e-03  (1887.8s)
  -> rel L2 0.0749   probe v rms: PINN 0.0117 vs LBM 0.1966   shedding retained 6.0 %

  [win 2/4] ep      0  loss 3.535e-01  pde 1.08e-02  bc 2.11e-02  ic 3.96e-03  dat 9.19e-03  (  1.4s)
  [win 2/4] ep    250  loss 9.451e-02  pde 4.81e-03  bc 3.90e-03  ic 2.29e-03  dat 2.78e-03  (388.0s)
  [win 2/4] ep    500  loss 7.238e-02  pde 4.60e-03  bc 2.97e-03  ic 1.69e-03  dat 2.12e-03  (774.0s)
  [win 2/4] ep    750  loss 6.394e-02  pde 4.65e-03  bc 2.54e-03  ic 1.49e-03  dat 1.90e-03  (1160.6s)
  [win 2/4] ep    999  loss 5.976e-02  pde 4.73e-03  bc 2.27e-03  ic 1.42e-03  dat 1.82e-03  (1547.2s)
  -> rel L2 0.0623   probe v rms: PINN 0.0038 vs LBM 0.1053   shedding retained 3.7 %

  [win 3/4] ep      0  loss 3.491e-01  pde 1.29e-02  bc 1.95e-02  ic 3.08e-03  dat 1.10e-02  (  1.5s)
  [win 3/4] ep    250  loss 7.433e-02  pde 4.77e-03  bc 2.84e-03  ic 1.55e-03  dat 2.57e-03  (392.9s)
  [win 3/4] ep    500  loss 4.203e-02  pde 5.49e-03  bc 8.64e-04  ic 1.05e-03  dat 1.74e-03  (783.7s)
  [win 3/4] ep    750  loss 3.443e-02  pde 5.52e-03  bc 6.12e-04  ic 8.47e-04  dat 1.43e-03  (1175.2s)
  [win 3/4] ep    999  loss 3.178e-02  pde 5.45e-03  bc 5.49e-04  ic 7.67e-04  dat 1.32e-03  (1574.5s)
  -> rel L2 0.0528   probe v rms: PINN 0.1174 vs LBM 0.2437   shedding retained 48.2 %

  [win 4/4] ep      0  loss 2.383e-01  pde 1.13e-02  bc 1.22e-02  ic 2.47e-03  dat 8.03e-03  (  1.5s)
  [win 4/4] ep    250  loss 4.420e-02  pde 6.06e-03  bc 6.52e-04  ic 1.24e-03  dat 1.92e-03  (414.5s)
  [win 4/4] ep    500  loss 3.330e-02  pde 5.51e-03  bc 5.26e-04  ic 8.73e-04  dat 1.38e-03  (825.3s)
  [win 4/4] ep    750  loss 2.945e-02  pde 5.23e-03  bc 4.79e-04  ic 7.49e-04  dat 1.19e-03  (1265.6s)
  [win 4/4] ep    999  loss 2.782e-02  pde 5.10e-03  bc 4.58e-04  ic 6.99e-04  dat 1.12e-03  (1695.1s)
  -> rel L2 0.0459   probe v rms: PINN 0.1064 vs LBM 0.1016   shedding retained 104.7 %

====================================================================
  window 0  t* 91.1-92.6   relL2 0.0749   shedding   6.0 %
  window 1  t* 92.6-94.1   relL2 0.0623   shedding   3.7 %
  window 2  t* 94.1-95.6   relL2 0.0528   shedding  48.2 %
  window 3  t* 95.6-97.1   relL2 0.0459   shedding 104.7 %
====================================================================
  OVERALL (t* 91.1-97.1, the headline number)
    relative L2       0.0586
    probe v rms       PINN 0.2092  vs LBM 0.4118
    shedding retained 50.8 %
    (near 0 % is the documented collapse to steady flow)

  note: naive mean of per-window ratios would read 40.6 % -- inflated, because a short window can 
        land where the reference amplitude is small. Use the OVERALL value.

results -> C:\Users\hp\Desktop\AE496 UGP\runs\ablation_cpu\all+data_s0/results.json

======================================================================
[march seed 0] --windows 4 --window-len 1.5
======================================================================
Re=100  mode=mlp  windows=4 x 1.5 t*  data=0  epochs/window=1000
domain x[-5,15] y[-4.97917,5.02083]  t* 91.10 .. 97.10

  [win 1/4] ep      0  loss 2.260e+01  pde 5.76e-03  bc 1.59e+00  ic 6.71e-01  dat 0.00e+00  (  6.6s)
  [win 1/4] ep    250  loss 3.357e-01  pde 1.41e-02  bc 7.06e-03  ic 2.51e-02  dat 0.00e+00  (322.9s)
  [win 1/4] ep    500  loss 3.021e-01  pde 8.07e-03  bc 6.04e-03  ic 2.34e-02  dat 0.00e+00  (640.9s)
  [win 1/4] ep    750  loss 2.897e-01  pde 6.37e-03  bc 5.63e-03  ic 2.27e-02  dat 0.00e+00  (934.3s)
  [win 1/4] ep    999  loss 2.840e-01  pde 5.78e-03  bc 5.44e-03  ic 2.24e-02  dat 0.00e+00  (1217.7s)
  -> rel L2 0.2331   probe v rms: PINN 0.0081 vs LBM 0.1966   shedding retained 4.1 %

  [win 2/4] ep      0  loss 1.010e+00  pde 4.26e-02  bc 5.63e-02  ic 4.05e-02  dat 0.00e+00  (  1.0s)
  [win 2/4] ep    250  loss 2.853e-01  pde 2.00e-02  bc 5.29e-03  ic 2.12e-02  dat 0.00e+00  (277.1s)
  [win 2/4] ep    500  loss 2.546e-01  pde 1.03e-02  bc 4.46e-03  ic 2.00e-02  dat 0.00e+00  (555.0s)
  [win 2/4] ep    750  loss 2.431e-01  pde 8.16e-03  bc 4.08e-03  ic 1.94e-02  dat 0.00e+00  (833.8s)
  [win 2/4] ep    999  loss 2.378e-01  pde 7.45e-03  bc 3.88e-03  ic 1.92e-02  dat 0.00e+00  (1112.1s)
  -> rel L2 0.2314   probe v rms: PINN 0.0051 vs LBM 0.1053   shedding retained 4.9 %

  [win 3/4] ep      0  loss 1.808e+00  pde 3.13e-02  bc 1.34e-01  ic 4.33e-02  dat 0.00e+00  (  1.0s)
  [win 3/4] ep    250  loss 2.538e-01  pde 6.65e-03  bc 4.63e-03  ic 2.01e-02  dat 0.00e+00  (285.4s)
  [win 3/4] ep    500  loss 2.239e-01  pde 5.00e-03  bc 3.12e-03  ic 1.88e-02  dat 0.00e+00  (571.9s)
  [win 3/4] ep    750  loss 2.128e-01  pde 4.89e-03  bc 2.67e-03  ic 1.81e-02  dat 0.00e+00  (861.0s)
  [win 3/4] ep    999  loss 2.081e-01  pde 4.86e-03  bc 2.48e-03  ic 1.79e-02  dat 0.00e+00  (1150.8s)
  -> rel L2 0.2213   probe v rms: PINN 0.0193 vs LBM 0.2437   shedding retained 7.9 %

  [win 4/4] ep      0  loss 6.897e-01  pde 3.57e-03  bc 3.37e-02  ic 3.49e-02  dat 0.00e+00  (  1.1s)
  [win 4/4] ep    250  loss 1.991e-01  pde 4.60e-03  bc 1.61e-03  ic 1.78e-02  dat 0.00e+00  (294.7s)
  [win 4/4] ep    500  loss 1.838e-01  pde 4.45e-03  bc 1.13e-03  ic 1.68e-02  dat 0.00e+00  (588.0s)
  [win 4/4] ep    750  loss 1.786e-01  pde 4.44e-03  bc 1.00e-03  ic 1.64e-02  dat 0.00e+00  (878.8s)
  [win 4/4] ep    999  loss 1.764e-01  pde 4.46e-03  bc 9.47e-04  ic 1.62e-02  dat 0.00e+00  (1164.6s)
  -> rel L2 0.2030   probe v rms: PINN 0.0046 vs LBM 0.1016   shedding retained 4.5 %

====================================================================
  window 0  t* 91.1-92.6   relL2 0.2331   shedding   4.1 %
  window 1  t* 92.6-94.1   relL2 0.2314   shedding   4.9 %
  window 2  t* 94.1-95.6   relL2 0.2213   shedding   7.9 %
  window 3  t* 95.6-97.1   relL2 0.2030   shedding   4.5 %
====================================================================
  OVERALL (t* 91.1-97.1, the headline number)
    relative L2       0.2206
    probe v rms       PINN 0.0151  vs LBM 0.4118
    shedding retained 3.7 %
    (near 0 % is the documented collapse to steady flow)

results -> C:\Users\hp\Desktop\AE496 UGP\runs\ablation_cpu\march_s0/results.json

======================================================================
[all seed 0] --decompose --net fourier_mlp --windows 4 --window-len 1.5
======================================================================
Re=100  mode=decomposed fourier_mlp  windows=4 x 1.5 t*  data=0  epochs/window=1000
domain x[-5,15] y[-4.97917,5.02083]  t* 91.10 .. 97.10

  [win 1/4] ep      0  loss 6.301e+00  pde 3.85e-02  bc 5.31e-01  ic 9.56e-02  dat 0.00e+00  (  8.2s)
  [win 1/4] ep    250  loss 1.211e-01  pde 4.83e-03  bc 4.09e-03  ic 7.53e-03  dat 0.00e+00  (331.7s)
  [win 1/4] ep    500  loss 7.305e-02  pde 7.45e-03  bc 2.43e-03  ic 4.13e-03  dat 0.00e+00  (662.9s)
  [win 1/4] ep    750  loss 5.380e-02  pde 8.10e-03  bc 1.36e-03  ic 3.21e-03  dat 0.00e+00  (1007.8s)
  [win 1/4] ep    999  loss 4.733e-02  pde 7.87e-03  bc 1.08e-03  ic 2.86e-03  dat 0.00e+00  (1359.5s)
  -> rel L2 0.1183   probe v rms: PINN 0.0237 vs LBM 0.1966   shedding retained 12.1 %

  [win 2/4] ep      0  loss 4.416e-01  pde 1.12e-02  bc 2.96e-02  ic 1.35e-02  dat 0.00e+00  (  1.2s)
  [win 2/4] ep    250  loss 5.506e-02  pde 7.43e-03  bc 1.34e-03  ic 3.43e-03  dat 0.00e+00  (318.8s)
  [win 2/4] ep    500  loss 4.062e-02  pde 6.91e-03  bc 6.60e-04  ic 2.71e-03  dat 0.00e+00  (632.7s)
  [win 2/4] ep    750  loss 3.622e-02  pde 6.51e-03  bc 5.44e-04  ic 2.43e-03  dat 0.00e+00  (940.5s)
  [win 2/4] ep    999  loss 3.437e-02  pde 6.32e-03  bc 5.08e-04  ic 2.30e-03  dat 0.00e+00  (1243.4s)
  -> rel L2 0.1019   probe v rms: PINN 0.0082 vs LBM 0.1053   shedding retained 7.8 %

  [win 3/4] ep      0  loss 2.778e-01  pde 8.99e-03  bc 1.54e-02  ic 1.14e-02  dat 0.00e+00  (  1.2s)
  [win 3/4] ep    250  loss 4.326e-02  pde 5.51e-03  bc 1.05e-03  ic 2.73e-03  dat 0.00e+00  (307.3s)
  [win 3/4] ep    500  loss 3.302e-02  pde 4.92e-03  bc 6.05e-04  ic 2.21e-03  dat 0.00e+00  (612.5s)
  [win 3/4] ep    750  loss 2.908e-02  pde 4.58e-03  bc 4.69e-04  ic 1.98e-03  dat 0.00e+00  (918.7s)
  [win 3/4] ep    999  loss 2.728e-02  pde 4.40e-03  bc 4.20e-04  ic 1.87e-03  dat 0.00e+00  (1223.8s)
  -> rel L2 0.0927   probe v rms: PINN 0.0078 vs LBM 0.2437   shedding retained 3.2 %

  [win 4/4] ep      0  loss 2.314e-01  pde 1.10e-02  bc 1.35e-02  ic 8.49e-03  dat 0.00e+00  (  1.2s)
  [win 4/4] ep    250  loss 4.611e-02  pde 6.51e-03  bc 9.54e-04  ic 3.01e-03  dat 0.00e+00  (311.4s)
  [win 4/4] ep    500  loss 2.986e-02  pde 6.41e-03  bc 4.52e-04  ic 1.89e-03  dat 0.00e+00  (622.4s)
  [win 4/4] ep    750  loss 2.551e-02  pde 6.23e-03  bc 3.60e-04  ic 1.57e-03  dat 0.00e+00  (944.3s)
  [win 4/4] ep    999  loss 2.381e-02  pde 6.10e-03  bc 3.29e-04  ic 1.44e-03  dat 0.00e+00  (1252.5s)
  -> rel L2 0.0836   probe v rms: PINN 0.0460 vs LBM 0.1016   shedding retained 45.3 %

====================================================================
  window 0  t* 91.1-92.6   relL2 0.1183   shedding  12.1 %
  window 1  t* 92.6-94.1   relL2 0.1019   shedding   7.8 %
  window 2  t* 94.1-95.6   relL2 0.0927   shedding   3.2 %
  window 3  t* 95.6-97.1   relL2 0.0836   shedding  45.3 %
====================================================================
  OVERALL (t* 91.1-97.1, the headline number)
    relative L2       0.0980
    probe v rms       PINN 0.1442  vs LBM 0.4118
    shedding retained 35.0 %
    (near 0 % is the documented collapse to steady flow)

  note: naive mean of per-window ratios would read 17.1 % -- inflated, because a short window can 
        land where the reference amplitude is small. Use the OVERALL value.

results -> C:\Users\hp\Desktop\AE496 UGP\runs\ablation_cpu\all_s0/results.json

======================================================================
config       seed  shedding retained    rel L2     min
----------------------------------------------------------------------
all+data        0              50.8%    0.0586   112.3
march           0               3.7%    0.2206    77.9
all             0              35.0%    0.0980    85.3
======================================================================
shedding retained ~ 0 %  : collapsed to the steady base flow
shedding retained ~ 100 %: wake amplitude matches the LBM reference

summary -> C:\Users\hp\Desktop\AE496 UGP\runs\ablation_cpu\summary.json
### stage exit 0 (Fri Sep 18 02:26:11 2026)

### fourier,decompose @ 4000 epochs/window  (Fri Sep 18 02:26:11 2026)

======================================================================
[fourier seed 0] --net fourier_mlp
======================================================================
Re=100  mode=fourier_mlp  windows=1 x 6.0 t*  data=0  epochs/window=4000
domain x[-5,15] y[-4.97917,5.02083]  t* 91.10 .. 97.10

  [win 1/1] ep      0  loss 1.747e+01  pde 4.51e-02  bc 1.15e+00  ic 5.92e-01  dat 0.00e+00  (  8.5s)
  [win 1/1] ep    250  loss 3.134e-01  pde 8.14e-03  bc 2.19e-02  ic 8.65e-03  dat 0.00e+00  (375.9s)
  [win 1/1] ep    500  loss 4.440e-02  pde 7.76e-03  bc 8.68e-04  ic 2.80e-03  dat 0.00e+00  (734.4s)
  [win 1/1] ep    750  loss 2.936e-02  pde 6.22e-03  bc 5.24e-04  ic 1.79e-03  dat 0.00e+00  (1090.2s)
  [win 1/1] ep   1000  loss 2.591e-02  pde 5.99e-03  bc 5.25e-04  ic 1.47e-03  dat 0.00e+00  (1453.2s)
  [win 1/1] ep   1250  loss 1.971e-02  pde 5.04e-03  bc 3.15e-04  ic 1.15e-03  dat 0.00e+00  (1823.3s)
  [win 1/1] ep   1500  loss 1.650e-02  pde 4.45e-03  bc 2.53e-04  ic 9.52e-04  dat 0.00e+00  (2209.9s)
  [win 1/1] ep   1750  loss 1.464e-02  pde 4.14e-03  bc 2.19e-04  ic 8.30e-04  dat 0.00e+00  (2609.5s)
  [win 1/1] ep   2000  loss 1.677e-02  pde 5.42e-03  bc 3.87e-04  ic 7.47e-04  dat 0.00e+00  (3011.6s)
  [win 1/1] ep   2250  loss 1.274e-02  pde 4.49e-03  bc 1.58e-04  ic 6.67e-04  dat 0.00e+00  (3413.2s)
  [win 1/1] ep   2500  loss 1.155e-02  pde 4.15e-03  bc 1.39e-04  ic 6.00e-04  dat 0.00e+00  (3819.3s)
  [win 1/1] ep   2750  loss 1.087e-02  pde 3.98e-03  bc 1.30e-04  ic 5.59e-04  dat 0.00e+00  (4279.2s)
  [win 1/1] ep   3000  loss 1.213e-02  pde 3.81e-03  bc 3.16e-04  ic 5.16e-04  dat 0.00e+00  (5081.3s)
  [win 1/1] ep   3250  loss 9.218e-03  pde 3.51e-03  bc 1.19e-04  ic 4.53e-04  dat 0.00e+00  (5856.6s)
  [win 1/1] ep   3500  loss 8.725e-03  pde 3.39e-03  bc 1.08e-04  ic 4.26e-04  dat 0.00e+00  (6484.5s)
  [win 1/1] ep   3750  loss 8.287e-03  pde 3.28e-03  bc 9.95e-05  ic 4.01e-04  dat 0.00e+00  (6938.0s)
  [win 1/1] ep   3999  loss 7.878e-03  pde 3.17e-03  bc 9.27e-05  ic 3.78e-04  dat 0.00e+00  (7747.2s)
  -> rel L2 0.2091   probe v rms: PINN 0.0268 vs LBM 0.4118   shedding retained 6.5 %

====================================================================
  window 0  t* 91.1-97.1   relL2 0.2091   shedding   6.5 %
====================================================================
  OVERALL (t* 91.1-97.1, the headline number)
    relative L2       0.2130
    probe v rms       PINN 0.0268  vs LBM 0.4118
    shedding retained 6.5 %
    (near 0 % is the documented collapse to steady flow)

results -> C:\Users\hp\Desktop\AE496 UGP\runs\ablation_cpu\fourier_s0/results.json

======================================================================
[decompose seed 0] --decompose
======================================================================
Re=100  mode=decomposed mlp  windows=1 x 6.0 t*  data=0  epochs/window=4000
domain x[-5,15] y[-4.97917,5.02083]  t* 91.10 .. 97.10

  [win 1/1] ep      0  loss 6.127e+00  pde 1.12e-02  bc 5.52e-01  ic 5.96e-02  dat 0.00e+00  ( 16.8s)
  [win 1/1] ep    250  loss 2.066e-01  pde 1.54e-03  bc 6.68e-03  ic 1.38e-02  dat 0.00e+00  (733.4s)
  [win 1/1] ep    500  loss 2.116e-01  pde 1.76e-03  bc 7.01e-03  ic 1.40e-02  dat 0.00e+00  (1413.1s)
  [win 1/1] ep    750  loss 1.978e-01  pde 1.80e-03  bc 6.10e-03  ic 1.35e-02  dat 0.00e+00  (2165.9s)
  [win 1/1] ep   1000  loss 1.964e-01  pde 3.09e-03  bc 5.95e-03  ic 1.34e-02  dat 0.00e+00  (2489.6s)
  [win 1/1] ep   1250  loss 1.920e-01  pde 3.02e-03  bc 5.70e-03  ic 1.32e-02  dat 0.00e+00  (2826.0s)
  [win 1/1] ep   1500  loss 1.902e-01  pde 3.01e-03  bc 5.57e-03  ic 1.31e-02  dat 0.00e+00  (3173.3s)
  [win 1/1] ep   1750  loss 1.893e-01  pde 2.99e-03  bc 5.50e-03  ic 1.31e-02  dat 0.00e+00  (3514.7s)
  [win 1/1] ep   2000  loss 1.921e-01  pde 2.81e-03  bc 5.83e-03  ic 1.31e-02  dat 0.00e+00  (3857.1s)
  [win 1/1] ep   2250  loss 1.890e-01  pde 2.68e-03  bc 5.54e-03  ic 1.31e-02  dat 0.00e+00  (4192.3s)
  [win 1/1] ep   2500  loss 1.878e-01  pde 2.63e-03  bc 5.46e-03  ic 1.31e-02  dat 0.00e+00  (4534.9s)
  [win 1/1] ep   2750  loss 1.868e-01  pde 2.61e-03  bc 5.41e-03  ic 1.30e-02  dat 0.00e+00  (4877.7s)
  [win 1/1] ep   3000  loss 1.879e-01  pde 2.55e-03  bc 5.58e-03  ic 1.30e-02  dat 0.00e+00  (5217.9s)
  [win 1/1] ep   3250  loss 1.851e-01  pde 2.54e-03  bc 5.38e-03  ic 1.29e-02  dat 0.00e+00  (5547.0s)
  [win 1/1] ep   3500  loss 1.838e-01  pde 2.56e-03  bc 5.33e-03  ic 1.28e-02  dat 0.00e+00  (5876.7s)
  [win 1/1] ep   3750  loss 1.820e-01  pde 2.60e-03  bc 5.29e-03  ic 1.27e-02  dat 0.00e+00  (6207.3s)
  [win 1/1] ep   3999  loss 1.793e-01  pde 2.70e-03  bc 5.24e-03  ic 1.24e-02  dat 0.00e+00  (6860.4s)
  -> rel L2 0.1876   probe v rms: PINN 0.0079 vs LBM 0.4118   shedding retained 1.9 %

====================================================================
  window 0  t* 91.1-97.1   relL2 0.1876   shedding   1.9 %
====================================================================
  OVERALL (t* 91.1-97.1, the headline number)
    relative L2       0.1895
    probe v rms       PINN 0.0079  vs LBM 0.4118
    shedding retained 1.9 %
    (near 0 % is the documented collapse to steady flow)

results -> C:\Users\hp\Desktop\AE496 UGP\runs\ablation_cpu\decompose_s0/results.json

======================================================================
config       seed  shedding retained    rel L2     min
----------------------------------------------------------------------
fourier         0               6.5%    0.2130   129.7
decompose       0               1.9%    0.1895   115.7
======================================================================
shedding retained ~ 0 %  : collapsed to the steady base flow
shedding retained ~ 100 %: wake amplitude matches the LBM reference

summary -> C:\Users\hp\Desktop\AE496 UGP\runs\ablation_cpu\summary.json
### stage exit 0 (Fri Sep 18 06:31:37 2026)
SWEEP_DONE Fri Sep 18 06:31:37 2026
